249 claves a regenerar.
aspects: 34 claves pedidas — 34 se **sustituyen** y 0 son nuevas.
Enviando lote de 34 peticiones para "aspects"...
Batch msgbatch_01C1sHE2qVbqNiEzGNqRxTFW creado. Esperando a que termine (puede tardar hasta 1h)...

Fragmentos: 34 · publishable: 34 · bloqueados: 0
Escrito content/catalog/aspects.json — 500/500 en total (34 publicables).

planet-sign-house: 34 claves pedidas — 34 se **sustituyen** y 0 son nuevas.
Enviando lote de 34 peticiones para "planet-sign-house"...
Batch msgbatch_01SwtYTnJonXJEczXoiGYAn3 creado. Esperando a que termine (puede tardar hasta 1h)...

Fragmentos: 34 · publishable: 34 · bloqueados: 0
Escrito content/catalog/planet-sign-house.json — 240/240 en total (34 publicables).

breed-sign: 177 claves pedidas — 177 se **sustituyen** y 0 son nuevas.
Enviando lote de 177 peticiones para "breed-sign"...
Batch msgbatch_01K6JJBgJjXHNj1danUcdrbB creado. Esperando a que termine (puede tardar hasta 1h)...

Fragmentos: 177 · publishable: 175 · bloqueados: 2

Bloqueos por categoría:
  diagnostico: 1
  falta-redirect: 1

Detalle:
  #7 (breed=american-staffordshire-terrier;sign=taurus) · body: «sordera» — Afirmación diagnóstica, sintomática o de salud
  #89 (breed=staffordshire-bull-terrier;sign=pisces) · body: «apagado» — Señal de preocupación por salud sin remitir al veterinario
Escrito content/catalog/breed-sign.json — 780/780 en total (175 publicables).

personality: 4 claves pedidas — 4 se **sustituyen** y 0 son nuevas.
Enviando lote de 4 peticiones para "personality"...
Batch msgbatch_018K8goepsJH2tHHpnT75dvW creado. Esperando a que termine (puede tardar hasta 1h)...

Fragmentos: 4 · publishable: 4 · bloqueados: 0
Escrito content/catalog/personality.json — 40/40 en total (4 publicables).

